 多任务联合训练（SupCon + BCE）：失败风险 70-80%

  ❌ 关键失败因素：

  1. 梯度冲突严重
    - SupCon：强制同类聚集（manipulation-agnostic）
    - BCE：学习shortcuts（manipulation-specific）
    - 在deepfake场景下根本对抗
  2. 超参数地狱
    - 需要调：λ_supcon, λ_bce, lr_backbone, lr_classifier, 动态权重...（6+参数）
    - Loss scale不一致（SupCon: 0.5-3.0, BCE: 0.1-0.7）
    - 收敛速度不同（BCE 5 epochs vs SupCon 100+ epochs）
  3. 无明确成功标准
    - 按哪个loss early stop？
    - 如何平衡两个目标？
    - 实现复杂度高（需要GradNorm/Uncertainty Weighting）

  两阶段训练（SupCon → Classifier）：成功率 >90%

  ✅ 成功保证：

  1. 理论基础坚实
    - Feature-Decision Decoupling（特征-决策解耦）
    - 避免catastrophic forgetting（冻结backbone）
    - 标准对比学习范式（SimCLR/MoCo/SupCon论文验证）
  2. 超参数简单
    - Phase 1：τ, lr, epochs（3个参数，容错性高）
    - Phase 2：lr（1个参数，几乎不会失败）
  3. 明确的成功标准
    - Phase 1：SupCon loss < 1.5, separation margin > 0.3
    - Phase 2：Val/OOD AUC（此时才有意义）

  ⚠️ 注意事项（避免陷阱）：
  - Phase 1必须充分训练（50-200 epochs，不能只10 epochs）
  - Phase 2在backbone features上训练（丢弃projection head）
  - 冻结时用model.eval() + requires_grad=False（防止BN更新）

  ---
  🎯 当前实验诊断与建议

  当前状态（Epoch 3/10运行中）：

  - ✅ SupCon Loss在下降（3.93→3.82→3.79）→ 有效！
  - ❌ Val AUC波动（0.83→0.74）→ 无意义，忽略！（随机classifier）
  - ⏱️ 10 epochs不够Phase 1充分训练

  立即行动：

  1. 继续当前实验（不要停止）
  # 让10 epochs跑完，关注指标：
  ✅ SupCon Loss是否降到 < 2.0（初步有效）或 < 1.5（较好）
  ❌ 忽略Val AUC（此时无意义）

  2. Epoch 10完成后手动添加Phase 2
  # 需要写一个classifier训练脚本：
  - 加载best_model.pth的backbone权重
  - 冻结backbone（eval + requires_grad=False）
  - 训练Linear分类器5-10 epochs（BCE loss）
  - 评估OOD AUC（DeeperForensics）

  3. 成功标准
  🟢 GREEN: OOD AUC > 0.68 (超过BCE 0.65的3%)
  🟡 YELLOW: OOD AUC 0.66-0.68 (边缘改善)
  🔴 RED: OOD AUC ≤ 0.66 (SupCon失败)

  ---
  💡 核心结论

  | 方法    | 成功率    | 复杂度 | 推荐场景      |
  |-------|--------|-----|-----------|
  | 多任务联合 | 20-30% | 极高  | ❌ 不推荐快速验证 |
  | 两阶段训练 | >90%   | 低   | ✅ 强烈推荐    |

  当前最优策略：
  1. ✅ 继续当前Phase 1实验（验证SupCon可行性）
  2. ✅ 手动添加Phase 2（获得真正的OOD评估）
  3. ❌ 不考虑多任务训练（风险太高）

  需要我帮你准备Phase 2的classifier训练脚本吗？（在当前10 epochs完成后使用）