\BOOKMARK [1][-]{section.1}{\376\377\000I\000n\000t\000r\000o\000d\000u\000c\000t\000i\000o\000n}{}% 1
\BOOKMARK [1][-]{section.2}{\376\377\000R\000e\000l\000a\000t\000e\000d\000\040\000W\000o\000r\000k}{}% 2
\BOOKMARK [1][-]{section.3}{\376\377\000D\000a\000t\000a\000s\000e\000t\000s\000\040\000a\000n\000d\000\040\000T\000a\000s\000k}{}% 3
\BOOKMARK [1][-]{section.4}{\376\377\000M\000e\000t\000h\000o\000d}{}% 4
\BOOKMARK [1][-]{section.5}{\376\377\000E\000x\000p\000e\000r\000i\000m\000e\000n\000t\000a\000l\000\040\000S\000e\000t\000u\000p}{}% 5
\BOOKMARK [1][-]{section.6}{\376\377\000R\000e\000s\000u\000l\000t\000s\000\040\000a\000n\000d\000\040\000A\000n\000a\000l\000y\000s\000i\000s}{}% 6
\BOOKMARK [2][-]{subsection.6.1}{\376\377\000S\000i\000n\000g\000l\000e\000-\000M\000o\000d\000e\000l\000\040\000B\000a\000s\000e\000l\000i\000n\000e\000s}{section.6}% 7
\BOOKMARK [2][-]{subsection.6.2}{\376\377\000P\000e\000r\000-\000D\000a\000t\000a\000s\000e\000t\000\040\000P\000e\000r\000f\000o\000r\000m\000a\000n\000c\000e\000\040\000A\000n\000a\000l\000y\000s\000i\000s}{section.6}% 8
\BOOKMARK [3][-]{subsubsection.6.2.1}{\376\377\000C\000e\000l\000e\000b\000D\000F\000-\000v\0002\000\040\000C\000h\000a\000r\000a\000c\000t\000e\000r\000i\000s\000t\000i\000c\000s}{subsection.6.2}% 9
\BOOKMARK [3][-]{subsubsection.6.2.2}{\376\377\000F\000a\000c\000e\000F\000o\000r\000e\000n\000s\000i\000c\000s\000+\000+\000\040\000C\000h\000a\000r\000a\000c\000t\000e\000r\000i\000s\000t\000i\000c\000s}{subsection.6.2}% 10
\BOOKMARK [3][-]{subsubsection.6.2.3}{\376\377\000D\000F\000D\000C\000\040\000\050\000D\000e\000e\000p\000f\000a\000k\000e\000\040\000D\000e\000t\000e\000c\000t\000i\000o\000n\000\040\000C\000h\000a\000l\000l\000e\000n\000g\000e\000\051}{subsection.6.2}% 11
\BOOKMARK [3][-]{subsubsection.6.2.4}{\376\377\000D\000e\000e\000p\000e\000r\000F\000o\000r\000e\000n\000s\000i\000c\000s\000-\0001\000.\0000\000\040\000C\000h\000a\000r\000a\000c\000t\000e\000r\000i\000s\000t\000i\000c\000s}{subsection.6.2}% 12
\BOOKMARK [3][-]{subsubsection.6.2.5}{\376\377\000C\000r\000o\000s\000s\000-\000D\000a\000t\000a\000s\000e\000t\000\040\000P\000a\000t\000t\000e\000r\000n\000s}{subsection.6.2}% 13
\BOOKMARK [2][-]{subsection.6.3}{\376\377\000M\000e\000t\000a\000-\000M\000o\000d\000e\000l\000\040\000\050\000S\000t\000a\000g\000e\000\040\0003\000\051\000\040\000A\000n\000a\000l\000y\000s\000i\000s}{section.6}% 14
\BOOKMARK [2][-]{subsection.6.4}{\376\377\000C\000a\000s\000c\000a\000d\000e\000\040\000T\000h\000r\000e\000s\000h\000o\000l\000d\000\040\000T\000u\000n\000i\000n\000g}{section.6}% 15
\BOOKMARK [2][-]{subsection.6.5}{\376\377\000C\000r\000o\000s\000s\000-\000D\000a\000t\000a\000s\000e\000t\000\040\000E\000v\000a\000l\000u\000a\000t\000i\000o\000n\000\040\000\050\000D\000e\000e\000p\000f\000a\000k\000e\000-\000E\000v\000a\000l\000-\0002\0000\0002\0004\000\051}{section.6}% 16
\BOOKMARK [2][-]{subsection.6.6}{\376\377\000R\000o\000u\000t\000i\000n\000g\000\040\000S\000t\000r\000a\000t\000e\000g\000i\000e\000s\000:\000\040\000C\000o\000n\000f\000i\000d\000e\000n\000c\000e\000\040\000v\000s\000.\000\040\000E\000n\000t\000r\000o\000p\000y\000\040\000v\000s\000.\000\040\000M\000a\000r\000g\000i\000n}{section.6}% 17
\BOOKMARK [2][-]{subsection.6.7}{\376\377\000R\000o\000b\000u\000s\000t\000n\000e\000s\000s\000\040\000t\000o\000\040\000C\000o\000m\000m\000o\000n\000\040\000P\000e\000r\000t\000u\000r\000b\000a\000t\000i\000o\000n\000s}{section.6}% 18
\BOOKMARK [2][-]{subsection.6.8}{\376\377\000E\000r\000r\000o\000r\000\040\000A\000n\000a\000l\000y\000s\000i\000s\000\040\000a\000n\000d\000\040\000F\000a\000i\000l\000u\000r\000e\000\040\000M\000o\000d\000e\000\040\000T\000a\000x\000o\000n\000o\000m\000y}{section.6}% 19
\BOOKMARK [1][-]{section.7}{\376\377\000A\000b\000l\000a\000t\000i\000o\000n\000\040\000S\000t\000u\000d\000i\000e\000s}{}% 20
\BOOKMARK [2][-]{subsection.7.1}{\376\377\000C\000o\000m\000p\000o\000n\000e\000n\000t\000\040\000C\000o\000n\000t\000r\000i\000b\000u\000t\000i\000o\000n\000\040\000A\000n\000a\000l\000y\000s\000i\000s}{section.7}% 21
\BOOKMARK [3][-]{subsubsection.7.1.1}{\376\377\000S\000t\000a\000g\000e\000-\000W\000i\000s\000e\000\040\000P\000e\000r\000f\000o\000r\000m\000a\000n\000c\000e\000\040\000C\000o\000m\000p\000a\000r\000i\000s\000o\000n}{subsection.7.1}% 22
\BOOKMARK [3][-]{subsubsection.7.1.2}{\376\377\000E\000s\000c\000a\000l\000a\000t\000i\000o\000n\000\040\000R\000a\000t\000e\000\040\000v\000s\000.\000\040\000P\000e\000r\000f\000o\000r\000m\000a\000n\000c\000e\000\040\000T\000r\000a\000d\000e\000-\000o\000f\000f}{subsection.7.1}% 23
\BOOKMARK [2][-]{subsection.7.2}{\376\377\000H\000a\000r\000d\000\040\000E\000x\000a\000m\000p\000l\000e\000\040\000M\000i\000n\000i\000n\000g\000\040\000A\000n\000a\000l\000y\000s\000i\000s}{section.7}% 24
\BOOKMARK [2][-]{subsection.7.3}{\376\377\000T\000e\000m\000p\000e\000r\000a\000t\000u\000r\000e\000\040\000S\000c\000a\000l\000i\000n\000g\000\040\000C\000a\000l\000i\000b\000r\000a\000t\000i\000o\000n}{section.7}% 25
\BOOKMARK [2][-]{subsection.7.4}{\376\377\000M\000e\000t\000a\000-\000M\000o\000d\000e\000l\000\040\000C\000o\000n\000t\000r\000i\000b\000u\000t\000i\000o\000n}{section.7}% 26
\BOOKMARK [2][-]{subsection.7.5}{\376\377\000S\000u\000m\000m\000a\000r\000y\000\040\000o\000f\000\040\000A\000b\000l\000a\000t\000i\000o\000n\000\040\000F\000i\000n\000d\000i\000n\000g\000s}{section.7}% 27
\BOOKMARK [1][-]{section.8}{\376\377\000M\000o\000b\000i\000l\000e\000\040\000D\000e\000p\000l\000o\000y\000m\000e\000n\000t}{}% 28
\BOOKMARK [1][-]{section.9}{\376\377\000D\000i\000s\000c\000u\000s\000s\000i\000o\000n}{}% 29
\BOOKMARK [1][-]{section.10}{\376\377\000E\000t\000h\000i\000c\000s\000\040\000a\000n\000d\000\040\000S\000o\000c\000i\000e\000t\000a\000l\000\040\000I\000m\000p\000a\000c\000t}{}% 30
\BOOKMARK [1][-]{section.11}{\376\377\000C\000o\000n\000c\000l\000u\000s\000i\000o\000n}{}% 31
