This is pdfTeX, Version 3.141592653-2.6-1.40.25 (TeX Live 2023/Debian) (preloaded format=pdflatex 2025.11.11)  15 NOV 2025 13:18
entering extended mode
 restricted \write18 enabled.
 %&-line parsing enabled.
**main.tex
(./main.tex
LaTeX2e <2023-11-01> patch level 1
L3 programming layer <2024-01-22>
(/usr/share/texlive/texmf-dist/tex/latex/base/article.cls
Document Class: article 2023/05/17 v1.4n Standard LaTeX document class
(/usr/share/texlive/texmf-dist/tex/latex/base/size11.clo
File: size11.clo 2023/05/17 v1.4n Standard LaTeX file (size option)
)
\c@part=\count187
\c@section=\count188
\c@subsection=\count189
\c@subsubsection=\count190
\c@paragraph=\count191
\c@subparagraph=\count192
\c@figure=\count193
\c@table=\count194
\abovecaptionskip=\skip48
\belowcaptionskip=\skip49
\bibindent=\dimen140
)
(/usr/share/texlive/texmf-dist/tex/latex/geometry/geometry.sty
Package: geometry 2020/01/02 v5.9 Page Geometry

(/usr/share/texlive/texmf-dist/tex/latex/graphics/keyval.sty
Package: keyval 2022/05/29 v1.15 key=value parser (DPC)
\KV@toks@=\toks17
)
(/usr/share/texlive/texmf-dist/tex/generic/iftex/ifvtex.sty
Package: ifvtex 2019/10/25 v1.7 ifvtex legacy package. Use iftex instead.

(/usr/share/texlive/texmf-dist/tex/generic/iftex/iftex.sty
Package: iftex 2022/02/03 v1.0f TeX engine tests
))
\Gm@cnth=\count195
\Gm@cntv=\count196
\c@Gm@tempcnt=\count197
\Gm@bindingoffset=\dimen141
\Gm@wd@mp=\dimen142
\Gm@odd@mp=\dimen143
\Gm@even@mp=\dimen144
\Gm@layoutwidth=\dimen145
\Gm@layoutheight=\dimen146
\Gm@layouthoffset=\dimen147
\Gm@layoutvoffset=\dimen148
\Gm@dimlist=\toks18
)
(/usr/share/texlive/texmf-dist/tex/latex/graphics/graphicx.sty
Package: graphicx 2021/09/16 v1.2d Enhanced LaTeX Graphics (DPC,SPQR)

(/usr/share/texlive/texmf-dist/tex/latex/graphics/graphics.sty
Package: graphics 2022/03/10 v1.4e Standard LaTeX Graphics (DPC,SPQR)

(/usr/share/texlive/texmf-dist/tex/latex/graphics/trig.sty
Package: trig 2021/08/11 v1.11 sin cos tan (DPC)
)
(/usr/share/texlive/texmf-dist/tex/latex/graphics-cfg/graphics.cfg
File: graphics.cfg 2016/06/04 v1.11 sample graphics configuration
)
Package graphics Info: Driver file: pdftex.def on input line 107.

(/usr/share/texlive/texmf-dist/tex/latex/graphics-def/pdftex.def
File: pdftex.def 2022/09/22 v1.2b Graphics/color driver for pdftex
))
\Gin@req@height=\dimen149
\Gin@req@width=\dimen150
)
(/usr/share/texlive/texmf-dist/tex/latex/booktabs/booktabs.sty
Package: booktabs 2020/01/12 v1.61803398 Publication quality tables
\heavyrulewidth=\dimen151
\lightrulewidth=\dimen152
\cmidrulewidth=\dimen153
\belowrulesep=\dimen154
\belowbottomsep=\dimen155
\aboverulesep=\dimen156
\abovetopsep=\dimen157
\cmidrulesep=\dimen158
\cmidrulekern=\dimen159
\defaultaddspace=\dimen160
\@cmidla=\count198
\@cmidlb=\count199
\@aboverulesep=\dimen161
\@belowrulesep=\dimen162
\@thisruleclass=\count266
\@lastruleclass=\count267
\@thisrulewidth=\dimen163
)
(/usr/share/texlive/texmf-dist/tex/latex/multirow/multirow.sty
Package: multirow 2021/03/15 v2.8 Span multiple rows of a table
\multirow@colwidth=\skip50
\multirow@cntb=\count268
\multirow@dima=\skip51
\bigstrutjot=\dimen164
)
(/usr/share/texlive/texmf-dist/tex/latex/siunitx/siunitx.sty
Package: siunitx 2024-01-25 v3.3.10 A comprehensive (SI) units package
\l__siunitx_number_uncert_offset_int=\count269
\l__siunitx_number_exponent_fixed_int=\count270
\l__siunitx_number_min_decimal_int=\count271
\l__siunitx_number_min_integer_int=\count272
\l__siunitx_number_round_precision_int=\count273
\l__siunitx_number_lower_threshold_int=\count274
\l__siunitx_number_upper_threshold_int=\count275
\l__siunitx_number_group_first_int=\count276
\l__siunitx_number_group_size_int=\count277
\l__siunitx_number_group_minimum_int=\count278
\l__siunitx_angle_tmp_dim=\dimen165
\l__siunitx_angle_marker_box=\box51
\l__siunitx_angle_unit_box=\box52
\l__siunitx_compound_count_int=\count279

(/usr/share/texlive/texmf-dist/tex/latex/translations/translations.sty
Package: translations 2022/02/05 v1.12 internationalization of LaTeX2e packages
 (CN)

(/usr/share/texlive/texmf-dist/tex/latex/etoolbox/etoolbox.sty
Package: etoolbox 2020/10/05 v2.5k e-TeX tools for LaTeX (JAW)
\etb@tempcnta=\count280
)
(/usr/share/texlive/texmf-dist/tex/generic/pdftexcmds/pdftexcmds.sty
Package: pdftexcmds 2020-06-27 v0.33 Utility functions of pdfTeX for LuaTeX (HO
)

(/usr/share/texlive/texmf-dist/tex/generic/infwarerr/infwarerr.sty
Package: infwarerr 2019/12/03 v1.5 Providing info/warning/error messages (HO)
)
(/usr/share/texlive/texmf-dist/tex/generic/ltxcmds/ltxcmds.sty
Package: ltxcmds 2023-12-04 v1.26 LaTeX kernel commands for general use (HO)
)
Package pdftexcmds Info: \pdf@primitive is available.
Package pdftexcmds Info: \pdf@ifprimitive is available.
Package pdftexcmds Info: \pdfdraftmode found.
))
(/usr/share/texlive/texmf-dist/tex/latex/amsmath/amstext.sty
Package: amstext 2021/08/26 v2.01 AMS text

(/usr/share/texlive/texmf-dist/tex/latex/amsmath/amsgen.sty
File: amsgen.sty 1999/11/30 v2.0 generic functions
\@emptytoks=\toks19
\ex@=\dimen166
))
\l__siunitx_table_tmp_box=\box53
\l__siunitx_table_tmp_dim=\dimen167
\l__siunitx_table_column_width_dim=\dimen168
\l__siunitx_table_integer_box=\box54
\l__siunitx_table_decimal_box=\box55
\l__siunitx_table_uncert_box=\box56
\l__siunitx_table_before_box=\box57
\l__siunitx_table_after_box=\box58
\l__siunitx_table_before_dim=\dimen169
\l__siunitx_table_carry_dim=\dimen170
\l__siunitx_unit_tmp_int=\count281
\l__siunitx_unit_position_int=\count282
\l__siunitx_unit_total_int=\count283

(/usr/share/texlive/texmf-dist/tex/latex/tools/array.sty
Package: array 2023/10/16 v2.5g Tabular extension package (FMi)
\col@sep=\dimen171
\ar@mcellbox=\box59
\extrarowheight=\dimen172
\NC@list=\toks20
\extratabsurround=\skip52
\backup@length=\skip53
\ar@cellbox=\box60
))
(/usr/share/texlive/texmf-dist/tex/latex/hyphenat/hyphenat.sty
Package: hyphenat 2009/09/02 v2.3c hyphenation utilities
\langwohyphens=\language89
LaTeX Info: Redefining \_ on input line 43.
)
(/usr/share/texlive/texmf-dist/tex/latex/amsfonts/amssymb.sty
Package: amssymb 2013/01/14 v3.01 AMS font symbols

(/usr/share/texlive/texmf-dist/tex/latex/amsfonts/amsfonts.sty
Package: amsfonts 2013/01/14 v3.01 Basic AMSFonts support
\symAMSa=\mathgroup4
\symAMSb=\mathgroup5
LaTeX Font Info:    Redeclaring math symbol \hbar on input line 98.
LaTeX Font Info:    Overwriting math alphabet `\mathfrak' in version `bold'
(Font)                  U/euf/m/n --> U/euf/b/n on input line 106.
))
(/usr/share/texlive/texmf-dist/tex/latex/hyperref/hyperref.sty
Package: hyperref 2024-01-20 v7.01h Hypertext links for LaTeX

(/usr/share/texlive/texmf-dist/tex/latex/kvsetkeys/kvsetkeys.sty
Package: kvsetkeys 2022-10-05 v1.19 Key value parser (HO)
)
(/usr/share/texlive/texmf-dist/tex/generic/kvdefinekeys/kvdefinekeys.sty
Package: kvdefinekeys 2019-12-19 v1.6 Define keys (HO)
)
(/usr/share/texlive/texmf-dist/tex/generic/pdfescape/pdfescape.sty
Package: pdfescape 2019/12/09 v1.15 Implements pdfTeX's escape features (HO)
)
(/usr/share/texlive/texmf-dist/tex/latex/hycolor/hycolor.sty
Package: hycolor 2020-01-27 v1.10 Color options for hyperref/bookmark (HO)
)
(/usr/share/texlive/texmf-dist/tex/latex/auxhook/auxhook.sty
Package: auxhook 2019-12-17 v1.6 Hooks for auxiliary files (HO)
)
(/usr/share/texlive/texmf-dist/tex/latex/hyperref/nameref.sty
Package: nameref 2023-11-26 v2.56 Cross-referencing by name of section

(/usr/share/texlive/texmf-dist/tex/latex/refcount/refcount.sty
Package: refcount 2019/12/15 v3.6 Data extraction from label references (HO)
)
(/usr/share/texlive/texmf-dist/tex/generic/gettitlestring/gettitlestring.sty
Package: gettitlestring 2019/12/15 v1.6 Cleanup title references (HO)

(/usr/share/texlive/texmf-dist/tex/latex/kvoptions/kvoptions.sty
Package: kvoptions 2022-06-15 v3.15 Key value format for package options (HO)
))
\c@section@level=\count284
)
\@linkdim=\dimen173
\Hy@linkcounter=\count285
\Hy@pagecounter=\count286

(/usr/share/texlive/texmf-dist/tex/latex/hyperref/pd1enc.def
File: pd1enc.def 2024-01-20 v7.01h Hyperref: PDFDocEncoding definition (HO)
Now handling font encoding PD1 ...
... no UTF-8 mapping file for font encoding PD1
)
(/usr/share/texlive/texmf-dist/tex/generic/intcalc/intcalc.sty
Package: intcalc 2019/12/15 v1.3 Expandable calculations with integers (HO)
)
\Hy@SavedSpaceFactor=\count287

(/usr/share/texlive/texmf-dist/tex/latex/hyperref/puenc.def
File: puenc.def 2024-01-20 v7.01h Hyperref: PDF Unicode definition (HO)
Now handling font encoding PU ...
... no UTF-8 mapping file for font encoding PU
)
Package hyperref Info: Hyper figures OFF on input line 4179.
Package hyperref Info: Link nesting OFF on input line 4184.
Package hyperref Info: Hyper index ON on input line 4187.
Package hyperref Info: Plain pages OFF on input line 4194.
Package hyperref Info: Backreferencing OFF on input line 4199.
Package hyperref Info: Implicit mode ON; LaTeX internals redefined.
Package hyperref Info: Bookmarks ON on input line 4446.
\c@Hy@tempcnt=\count288

(/usr/share/texlive/texmf-dist/tex/latex/url/url.sty
\Urlmuskip=\muskip16
Package: url 2013/09/16  ver 3.4  Verb mode for urls, etc.
)
LaTeX Info: Redefining \url on input line 4784.
\XeTeXLinkMargin=\dimen174

(/usr/share/texlive/texmf-dist/tex/generic/bitset/bitset.sty
Package: bitset 2019/12/09 v1.3 Handle bit-vector datatype (HO)

(/usr/share/texlive/texmf-dist/tex/generic/bigintcalc/bigintcalc.sty
Package: bigintcalc 2019/12/15 v1.5 Expandable calculations on big integers (HO
)
))
\Fld@menulength=\count289
\Field@Width=\dimen175
\Fld@charsize=\dimen176
Package hyperref Info: Hyper figures OFF on input line 6063.
Package hyperref Info: Link nesting OFF on input line 6068.
Package hyperref Info: Hyper index ON on input line 6071.
Package hyperref Info: backreferencing OFF on input line 6078.
Package hyperref Info: Link coloring OFF on input line 6083.
Package hyperref Info: Link coloring with OCG OFF on input line 6088.
Package hyperref Info: PDF/A mode OFF on input line 6093.

(/usr/share/texlive/texmf-dist/tex/latex/base/atbegshi-ltx.sty
Package: atbegshi-ltx 2021/01/10 v1.0c Emulation of the original atbegshi
package with kernel methods
)
\Hy@abspage=\count290
\c@Item=\count291
\c@Hfootnote=\count292
)
Package hyperref Info: Driver (autodetected): hpdftex.

(/usr/share/texlive/texmf-dist/tex/latex/hyperref/hpdftex.def
File: hpdftex.def 2024-01-20 v7.01h Hyperref driver for pdfTeX

(/usr/share/texlive/texmf-dist/tex/latex/base/atveryend-ltx.sty
Package: atveryend-ltx 2020/08/19 v1.0a Emulation of the original atveryend pac
kage
with kernel methods
)
\Fld@listcount=\count293
\c@bookmark@seq@number=\count294

(/usr/share/texlive/texmf-dist/tex/latex/rerunfilecheck/rerunfilecheck.sty
Package: rerunfilecheck 2022-07-10 v1.10 Rerun checks for auxiliary files (HO)

(/usr/share/texlive/texmf-dist/tex/generic/uniquecounter/uniquecounter.sty
Package: uniquecounter 2019/12/15 v1.4 Provide unlimited unique counter (HO)
)
Package uniquecounter Info: New unique counter `rerunfilecheck' on input line 2
85.
)
\Hy@SectionHShift=\skip54
)
(/usr/share/texlive/texmf-dist/tex/latex/caption/subcaption.sty
Package: subcaption 2023/07/28 v1.6b Sub-captions (AR)

(/usr/share/texlive/texmf-dist/tex/latex/caption/caption.sty
Package: caption 2023/08/05 v3.6o Customizing captions (AR)

(/usr/share/texlive/texmf-dist/tex/latex/caption/caption3.sty
Package: caption3 2023/07/31 v2.4d caption3 kernel (AR)
\caption@tempdima=\dimen177
\captionmargin=\dimen178
\caption@leftmargin=\dimen179
\caption@rightmargin=\dimen180
\caption@width=\dimen181
\caption@indent=\dimen182
\caption@parindent=\dimen183
\caption@hangindent=\dimen184
Package caption Info: Standard document class detected.
)
\c@caption@flags=\count295
\c@continuedfloat=\count296
Package caption Info: hyperref package is loaded.
)
Package caption Info: New subtype `subfigure' on input line 238.
\c@subfigure=\count297
Package caption Info: New subtype `subtable' on input line 238.
\c@subtable=\count298
)
(/usr/share/texlive/texmf-dist/tex/latex/amsmath/amsmath.sty
Package: amsmath 2023/05/13 v2.17o AMS math features
\@mathmargin=\skip55

For additional information on amsmath, use the `?' option.
(/usr/share/texlive/texmf-dist/tex/latex/amsmath/amsbsy.sty
Package: amsbsy 1999/11/29 v1.2d Bold Symbols
\pmbraise@=\dimen185
)
(/usr/share/texlive/texmf-dist/tex/latex/amsmath/amsopn.sty
Package: amsopn 2022/04/08 v2.04 operator names
)
\inf@bad=\count299
LaTeX Info: Redefining \frac on input line 234.
\uproot@=\count300
\leftroot@=\count301
LaTeX Info: Redefining \overline on input line 399.
LaTeX Info: Redefining \colon on input line 410.
\classnum@=\count302
\DOTSCASE@=\count303
LaTeX Info: Redefining \ldots on input line 496.
LaTeX Info: Redefining \dots on input line 499.
LaTeX Info: Redefining \cdots on input line 620.
\Mathstrutbox@=\box61
\strutbox@=\box62
LaTeX Info: Redefining \big on input line 722.
LaTeX Info: Redefining \Big on input line 723.
LaTeX Info: Redefining \bigg on input line 724.
LaTeX Info: Redefining \Bigg on input line 725.
\big@size=\dimen186
LaTeX Font Info:    Redeclaring font encoding OML on input line 743.
LaTeX Font Info:    Redeclaring font encoding OMS on input line 744.
\macc@depth=\count304
LaTeX Info: Redefining \bmod on input line 905.
LaTeX Info: Redefining \pmod on input line 910.
LaTeX Info: Redefining \smash on input line 940.
LaTeX Info: Redefining \relbar on input line 970.
LaTeX Info: Redefining \Relbar on input line 971.
\c@MaxMatrixCols=\count305
\dotsspace@=\muskip17
\c@parentequation=\count306
\dspbrk@lvl=\count307
\tag@help=\toks21
\row@=\count308
\column@=\count309
\maxfields@=\count310
\andhelp@=\toks22
\eqnshift@=\dimen187
\alignsep@=\dimen188
\tagshift@=\dimen189
\tagwidth@=\dimen190
\totwidth@=\dimen191
\lineht@=\dimen192
\@envbody=\toks23
\multlinegap=\skip56
\multlinetaggap=\skip57
\mathdisplay@stack=\toks24
LaTeX Info: Redefining \[ on input line 2953.
LaTeX Info: Redefining \] on input line 2954.
)
(/usr/share/texlive/texmf-dist/tex/latex/enumitem/enumitem.sty
Package: enumitem 2019/06/20 v3.9 Customized lists
\labelindent=\skip58
\enit@outerparindent=\dimen193
\enit@toks=\toks25
\enit@inbox=\box63
\enit@count@id=\count311
\enitdp@description=\count312
)
(/usr/share/texlive/texmf-dist/tex/latex/placeins/placeins.sty
Package: placeins 2005/04/18  v 2.2
)
Package translations Info: No language package found. I am going to use `englis
h' as default language. on input line 21.

(/usr/share/texlive/texmf-dist/tex/latex/graphics/color.sty
Package: color 2022/01/06 v1.3d Standard LaTeX Color (DPC)

(/usr/share/texlive/texmf-dist/tex/latex/graphics-cfg/color.cfg
File: color.cfg 2016/01/02 v1.6 sample color configuration
)
Package color Info: Driver file: pdftex.def on input line 149.

(/usr/share/texlive/texmf-dist/tex/latex/graphics/mathcolor.ltx))
(/usr/share/texlive/texmf-dist/tex/latex/l3backend/l3backend-pdftex.def
File: l3backend-pdftex.def 2024-01-04 L3 backend support: PDF output (pdfTeX)
\l__color_backend_stack_int=\count313
\l__pdf_internal_box=\box64
)
(./main.aux)
\openout1 = `main.aux'.

LaTeX Font Info:    Checking defaults for OML/cmm/m/it on input line 21.
LaTeX Font Info:    ... okay on input line 21.
LaTeX Font Info:    Checking defaults for OMS/cmsy/m/n on input line 21.
LaTeX Font Info:    ... okay on input line 21.
LaTeX Font Info:    Checking defaults for OT1/cmr/m/n on input line 21.
LaTeX Font Info:    ... okay on input line 21.
LaTeX Font Info:    Checking defaults for T1/cmr/m/n on input line 21.
LaTeX Font Info:    ... okay on input line 21.
LaTeX Font Info:    Checking defaults for TS1/cmr/m/n on input line 21.
LaTeX Font Info:    ... okay on input line 21.
LaTeX Font Info:    Checking defaults for OMX/cmex/m/n on input line 21.
LaTeX Font Info:    ... okay on input line 21.
LaTeX Font Info:    Checking defaults for U/cmr/m/n on input line 21.
LaTeX Font Info:    ... okay on input line 21.
LaTeX Font Info:    Checking defaults for PD1/pdf/m/n on input line 21.
LaTeX Font Info:    ... okay on input line 21.
LaTeX Font Info:    Checking defaults for PU/pdf/m/n on input line 21.
LaTeX Font Info:    ... okay on input line 21.

*geometry* driver: auto-detecting
*geometry* detected driver: pdftex
*geometry* verbose mode - [ preamble ] result:
* driver: pdftex
* paper: <default>
* layout: <same size as paper>
* layoutoffset:(h,v)=(0.0pt,0.0pt)
* modes: 
* h-part:(L,W,R)=(72.26999pt, 469.75502pt, 72.26999pt)
* v-part:(T,H,B)=(72.26999pt, 650.43001pt, 72.26999pt)
* \paperwidth=614.295pt
* \paperheight=794.96999pt
* \textwidth=469.75502pt
* \textheight=650.43001pt
* \oddsidemargin=0.0pt
* \evensidemargin=0.0pt
* \topmargin=-37.0pt
* \headheight=12.0pt
* \headsep=25.0pt
* \topskip=11.0pt
* \footskip=30.0pt
* \marginparwidth=59.0pt
* \marginparsep=10.0pt
* \columnsep=10.0pt
* \skip\footins=10.0pt plus 4.0pt minus 2.0pt
* \hoffset=0.0pt
* \voffset=0.0pt
* \mag=1000
* \@twocolumnfalse
* \@twosidefalse
* \@mparswitchfalse
* \@reversemarginfalse
* (1in=72.27pt=25.4mm, 1cm=28.453pt)

(/usr/share/texlive/texmf-dist/tex/context/base/mkii/supp-pdf.mkii
[Loading MPS to PDF converter (version 2006.09.02).]
\scratchcounter=\count314
\scratchdimen=\dimen194
\scratchbox=\box65
\nofMPsegments=\count315
\nofMParguments=\count316
\everyMPshowfont=\toks26
\MPscratchCnt=\count317
\MPscratchDim=\dimen195
\MPnumerator=\count318
\makeMPintoPDFobject=\count319
\everyMPtoPDFconversion=\toks27
) (/usr/share/texlive/texmf-dist/tex/latex/epstopdf-pkg/epstopdf-base.sty
Package: epstopdf-base 2020-01-24 v2.11 Base part for package epstopdf
Package epstopdf-base Info: Redefining graphics rule for `.eps' on input line 4
85.

(/usr/share/texlive/texmf-dist/tex/latex/latexconfig/epstopdf-sys.cfg
File: epstopdf-sys.cfg 2010/07/13 v1.3 Configuration of (r)epstopdf for TeX Liv
e
))
(/usr/share/texlive/texmf-dist/tex/latex/translations/translations-basic-dictio
nary-english.trsl
File: translations-basic-dictionary-english.trsl (english translation file `tra
nslations-basic-dictionary')
)
Package translations Info: loading dictionary `translations-basic-dictionary' f
or `english'. on input line 21.
Package hyperref Info: Link coloring OFF on input line 21.
 (./main.out) (./main.out)
\@outlinefile=\write3
\openout3 = `main.out'.

Package caption Info: Begin \AtBeginDocument code.
Package caption Info: End \AtBeginDocument code.
LaTeX Font Info:    Trying to load font information for U+msa on input line 23.


(/usr/share/texlive/texmf-dist/tex/latex/amsfonts/umsa.fd
File: umsa.fd 2013/01/14 v3.01 AMS symbols A
)
LaTeX Font Info:    Trying to load font information for U+msb on input line 23.


(/usr/share/texlive/texmf-dist/tex/latex/amsfonts/umsb.fd
File: umsb.fd 2013/01/14 v3.01 AMS symbols B
)
(./sections/abstract.tex) (./sections/introduction.tex [1

{/var/lib/texmf/fonts/map/pdftex/updmap/pdftex.map}] [2{/usr/share/texmf/fonts/
enc/dvips/cm-super/cm-super-ts1.enc}]) [3] (./sections/related_work.tex

LaTeX Warning: Citation `chandra2024dfeval' on page 4 undefined on input line 6
.

[4] [5] [6] [7]

LaTeX Warning: Citation `chandra2024dfeval' on page 8 undefined on input line 6
3.

[8] [9]) (./sections/data_task.tex [10]
Underfull \hbox (badness 1297) in paragraph at lines 65--66
\OT1/cmr/m/n/10.95 size [][]\OT1/cmtt/m/n/10.95 min_face_size=20[]\OT1/cmr/m/n/
10.95 , thresh-olds []), cropped around the bound-ing box with
 []

[11] [12]) (./sections/method.tex
Underfull \hbox (badness 4765) in paragraph at lines 45--45
[]|\OT1/cmr/m/n/8 EfficientNetV2-B3 (op-tional Gen-Con-
 []


Underfull \hbox (badness 1009) in paragraph at lines 48--49
[]|\OT1/cmr/m/n/8 Stress tests (per-tur-ba-tions, Deep-fake-Eval-
 []


LaTeX Warning: `h' float specifier changed to `ht'.


Overfull \hbox (2.45117pt too wide) in paragraph at lines 54--55
\OT1/cmr/m/n/10.95 fast bi-nary clas-si-fier. Con-cretely, we use timm's [][]\O
T1/cmtt/m/n/10.95 mobilenetv4_hybrid_medium.ix_e550_r256_in1k
 []

[13] [14]
Overfull \hbox (4.94171pt too wide) in paragraph at lines 71--72
[]\OT1/cmr/m/n/10.95 Perform cas-cade thresh-old tun-ing on the com-bined val-i
-da-tion man-i-fest by sweep-ing $(\OML/cmm/m/it/10.95 ^^\[][]; ^^\[][]\OT1/cmr
/m/n/10.95 )$
 []

[15] [16]) (./sections/experiments.tex [17] [18]) (./sections/results.tex
(./generated/auto_tables.tex

LaTeX Warning: `h' float specifier changed to `ht'.


LaTeX Warning: `h' float specifier changed to `ht'.


LaTeX Warning: `h' float specifier changed to `ht'.


LaTeX Warning: `h' float specifier changed to `ht'.

) (./generated/stage1_eval_summary.tex

LaTeX Warning: `h' float specifier changed to `ht'.

) (./generated/stage2_eval_summary.tex

LaTeX Warning: `h' float specifier changed to `ht'.

) [19]

LaTeX Warning: `h' float specifier changed to `ht'.

<figures/outputs_stage1_run_20251023_034316_01_roc_curve.png, id=597, 568.524pt
 x 423.984pt>
File: figures/outputs_stage1_run_20251023_034316_01_roc_curve.png Graphic file 
(type png)
<use figures/outputs_stage1_run_20251023_034316_01_roc_curve.png>
Package pdftex.def Info: figures/outputs_stage1_run_20251023_034316_01_roc_curv
e.png  used on input line 32.
(pdftex.def)             Requested size: 211.38832pt x 157.64148pt.
<figures/outputs_stage3_run_20251030_081127_01_roc_curve.png, id=599, 568.524pt
 x 423.984pt>
File: figures/outputs_stage3_run_20251030_081127_01_roc_curve.png Graphic file 
(type png)
<use figures/outputs_stage3_run_20251030_081127_01_roc_curve.png>
Package pdftex.def Info: figures/outputs_stage3_run_20251030_081127_01_roc_curv
e.png  used on input line 33.
(pdftex.def)             Requested size: 211.38832pt x 157.64148pt.
[20 <./figures/outputs_stage1_run_20251023_034316_01_roc_curve.png> <./figures/
outputs_stage3_run_20251030_081127_01_roc_curve.png>] [21] [22

]
<figures/outputs_stage1_run_20251023_034316_03_calibration.png, id=627, 570.933
pt x 424.9476pt>
File: figures/outputs_stage1_run_20251023_034316_03_calibration.png Graphic fil
e (type png)
<use figures/outputs_stage1_run_20251023_034316_03_calibration.png>
Package pdftex.def Info: figures/outputs_stage1_run_20251023_034316_03_calibrat
ion.png  used on input line 90.
(pdftex.def)             Requested size: 211.38832pt x 157.33836pt.
<figures/outputs_stage1_run_20251023_034316_confusion_matrix.png, id=628, 541.0
614pt x 423.5022pt>
File: figures/outputs_stage1_run_20251023_034316_confusion_matrix.png Graphic f
ile (type png)
<use figures/outputs_stage1_run_20251023_034316_confusion_matrix.png>
Package pdftex.def Info: figures/outputs_stage1_run_20251023_034316_confusion_m
atrix.png  used on input line 91.
(pdftex.def)             Requested size: 211.38832pt x 165.46243pt.


LaTeX Warning: `h' float specifier changed to `ht'.

[23]
<figures/outputs_stage3_run_20251030_081127_03_calibration.png, id=634, 570.933
pt x 424.9476pt>
File: figures/outputs_stage3_run_20251030_081127_03_calibration.png Graphic fil
e (type png)
<use figures/outputs_stage3_run_20251030_081127_03_calibration.png>
Package pdftex.def Info: figures/outputs_stage3_run_20251030_081127_03_calibrat
ion.png  used on input line 99.
(pdftex.def)             Requested size: 211.38832pt x 157.33836pt.
<figures/outputs_stage3_run_20251030_081127_confusion_matrix.png, id=635, 541.0
614pt x 423.5022pt>
File: figures/outputs_stage3_run_20251030_081127_confusion_matrix.png Graphic f
ile (type png)
<use figures/outputs_stage3_run_20251030_081127_confusion_matrix.png>
Package pdftex.def Info: figures/outputs_stage3_run_20251030_081127_confusion_m
atrix.png  used on input line 100.
(pdftex.def)             Requested size: 211.38832pt x 165.46243pt.
 [24 <./figures/outputs_stage1_run_20251023_034316_03_calibration.png> <./figur
es/outputs_stage1_run_20251023_034316_confusion_matrix.png> <./figures/outputs_
stage3_run_20251030_081127_03_calibration.png> <./figures/outputs_stage3_run_20
251030_081127_confusion_matrix.png>]
<figures/outputs_stage4_run_20251031_075851_heatmap_f1.png, id=649, 701.5008pt 
x 570.4512pt>
File: figures/outputs_stage4_run_20251031_075851_heatmap_f1.png Graphic file (t
ype png)
<use figures/outputs_stage4_run_20251031_075851_heatmap_f1.png>
Package pdftex.def Info: figures/outputs_stage4_run_20251031_075851_heatmap_f1.
png  used on input line 129.
(pdftex.def)             Requested size: 150.32504pt x 122.2442pt.
<figures/outputs_stage4_run_20251031_075851_heatmap_fnr.png, id=650, 701.5008pt
 x 570.4512pt>
File: figures/outputs_stage4_run_20251031_075851_heatmap_fnr.png Graphic file (
type png)
<use figures/outputs_stage4_run_20251031_075851_heatmap_fnr.png>
Package pdftex.def Info: figures/outputs_stage4_run_20251031_075851_heatmap_fnr
.png  used on input line 130.
(pdftex.def)             Requested size: 150.32504pt x 122.2442pt.
<figures/outputs_stage4_run_20251031_075851_best_config_metrics.png, id=651, 71
4.9912pt x 423.0204pt>
File: figures/outputs_stage4_run_20251031_075851_best_config_metrics.png Graphi
c file (type png)
<use figures/outputs_stage4_run_20251031_075851_best_config_metrics.png>
Package pdftex.def Info: figures/outputs_stage4_run_20251031_075851_best_config
_metrics.png  used on input line 131.
(pdftex.def)             Requested size: 150.32504pt x 88.93372pt.
 (./generated/robustness_figs.tex
<figures/figures_outputs_stage5_robustness_jpeg_f1.png, id=657, 303.534pt x 231
.264pt>
File: figures/figures_outputs_stage5_robustness_jpeg_f1.png Graphic file (type 
png)
<use figures/figures_outputs_stage5_robustness_jpeg_f1.png>
Package pdftex.def Info: figures/figures_outputs_stage5_robustness_jpeg_f1.png 
 used on input line 7.
(pdftex.def)             Requested size: 150.32504pt x 114.53072pt.
<figures/figures_outputs_stage5_robustness_gaussian_f1.png, id=658, 303.534pt x
 231.264pt>
File: figures/figures_outputs_stage5_robustness_gaussian_f1.png Graphic file (t
ype png)
<use figures/figures_outputs_stage5_robustness_gaussian_f1.png>
Package pdftex.def Info: figures/figures_outputs_stage5_robustness_gaussian_f1.
png  used on input line 11.
(pdftex.def)             Requested size: 150.32504pt x 114.53072pt.
<figures/figures_outputs_stage5_robustness_motion_f1.png, id=659, 303.534pt x 2
31.264pt>
File: figures/figures_outputs_stage5_robustness_motion_f1.png Graphic file (typ
e png)
<use figures/figures_outputs_stage5_robustness_motion_f1.png>
Package pdftex.def Info: figures/figures_outputs_stage5_robustness_motion_f1.pn
g  used on input line 15.
(pdftex.def)             Requested size: 150.32504pt x 114.53072pt.
<figures/figures_outputs_stage5_robustness_brightness_f1.png, id=660, 303.534pt
 x 231.264pt>
File: figures/figures_outputs_stage5_robustness_brightness_f1.png Graphic file 
(type png)
<use figures/figures_outputs_stage5_robustness_brightness_f1.png>
Package pdftex.def Info: figures/figures_outputs_stage5_robustness_brightness_f
1.png  used on input line 22.
(pdftex.def)             Requested size: 150.32504pt x 114.53072pt.
<figures/figures_outputs_stage5_robustness_downscale_f1.png, id=661, 303.534pt 
x 231.264pt>
File: figures/figures_outputs_stage5_robustness_downscale_f1.png Graphic file (
type png)
<use figures/figures_outputs_stage5_robustness_downscale_f1.png>
Package pdftex.def Info: figures/figures_outputs_stage5_robustness_downscale_f1
.png  used on input line 26.
(pdftex.def)             Requested size: 150.32504pt x 114.53072pt.
)
[25 <./figures/outputs_stage4_run_20251031_075851_heatmap_f1.png> <./figures/ou
tputs_stage4_run_20251031_075851_heatmap_fnr.png> <./figures/outputs_stage4_run
_20251031_075851_best_config_metrics.png>] [26 <./figures/figures_outputs_stage
5_robustness_jpeg_f1.png> <./figures/figures_outputs_stage5_robustness_gaussian
_f1.png> <./figures/figures_outputs_stage5_robustness_motion_f1.png> <./figures
/figures_outputs_stage5_robustness_brightness_f1.png> <./figures/figures_output
s_stage5_robustness_downscale_f1.png>] (./generated/robustness_table.tex)
(./generated/robustness_tradeoff.tex
<../outputs/stage5/robustness/fnr_vs_s2_jpeg_20.0.png, id=695, 303.534pt x 231.
264pt>
File: ../outputs/stage5/robustness/fnr_vs_s2_jpeg_20.0.png Graphic file (type p
ng)
<use ../outputs/stage5/robustness/fnr_vs_s2_jpeg_20.0.png>
Package pdftex.def Info: ../outputs/stage5/robustness/fnr_vs_s2_jpeg_20.0.png  
used on input line 6.
(pdftex.def)             Requested size: 150.32504pt x 114.53072pt.
<../outputs/stage5/robustness/fnr_vs_s2_jpeg_95.0.png, id=696, 303.534pt x 231.
264pt>
File: ../outputs/stage5/robustness/fnr_vs_s2_jpeg_95.0.png Graphic file (type p
ng)
<use ../outputs/stage5/robustness/fnr_vs_s2_jpeg_95.0.png>
Package pdftex.def Info: ../outputs/stage5/robustness/fnr_vs_s2_jpeg_95.0.png  
used on input line 7.
(pdftex.def)             Requested size: 150.32504pt x 114.53072pt.
<../outputs/stage5/robustness/fnr_vs_s2_gaussian_12.0.png, id=697, 303.534pt x 
231.264pt>
File: ../outputs/stage5/robustness/fnr_vs_s2_gaussian_12.0.png Graphic file (ty
pe png)
<use ../outputs/stage5/robustness/fnr_vs_s2_gaussian_12.0.png>
Package pdftex.def Info: ../outputs/stage5/robustness/fnr_vs_s2_gaussian_12.0.p
ng  used on input line 8.
(pdftex.def)             Requested size: 150.32504pt x 114.53072pt.


LaTeX Warning: `h' float specifier changed to `ht'.

) [27]) (./sections/ablation_studies.tex [28 <../outputs/stage5/robustness/fnr_
vs_s2_jpeg_20.0.png> <../outputs/stage5/robustness/fnr_vs_s2_jpeg_95.0.png> <..
/outputs/stage5/robustness/fnr_vs_s2_gaussian_12.0.png>] [29] [30] [31])
(./sections/mobile.tex (./generated/mobile_tables.tex

LaTeX Warning: `h' float specifier changed to `ht'.

) [32]) (./sections/discussion.tex [33] [34] [35]) (./sections/ethics.tex
[36]) [37] (./sections/conclusion.tex [38] [39]) [40] (./sections/appendix.tex

LaTeX Warning: Float too large for page by 37.45428pt on input line 75.


LaTeX Warning: `h' float specifier changed to `ht'.


Underfull \hbox (badness 1320) in paragraph at lines 83--83
\OT1/cmr/m/n/10.95 EfficientNetV2-B3 cal-i-brated model. Re-sults show that GAN
-based meth-ods (Deep-fakes,
 []


LaTeX Warning: `h' float specifier changed to `ht'.

[41]

LaTeX Warning: `h' float specifier changed to `ht'.


LaTeX Warning: `h' float specifier changed to `ht'.


LaTeX Warning: `h' float specifier changed to `ht'.

[42]

LaTeX Warning: `h' float specifier changed to `ht'.

(./sections/appendix_genconvit.tex) [43])
Underfull \hbox (badness 1590) in paragraph at lines 65--66
\OT1/cmr/m/n/10.95 struc-tions, are avail-able in the project repos-i-tory: []$
\OT1/cmtt/m/n/10.95 https : / / github . com / HawyHoWingYam /
 []

(./main.bbl [44] [45] [46] [47] [48]
Underfull \hbox (badness 1400) in paragraph at lines 397--400
\OT1/cmr/m/n/10.95 frequency col-lab-o-ra-tive learn-ing and hi-er-ar-chi-cal c
ross-modal fu-sion,'' \OT1/cmr/m/it/10.95 arXiv preprint
 []

[49]) [50] [51] [52] [53] (./main.aux)
 ***********
LaTeX2e <2023-11-01> patch level 1
L3 programming layer <2024-01-22>
 ***********


LaTeX Warning: There were undefined references.

Package rerunfilecheck Info: File `main.out' has not changed.
(rerunfilecheck)             Checksum: 5B0C93B441E99A3E6BE8AC0547CEACB0;5937.
 ) 
Here is how much of TeX's memory you used:
 16682 strings out of 474222
 329551 string characters out of 5748732
 1952975 words of memory out of 5000000
 38363 multiletter control sequences out of 15000+600000
 571905 words of font info for 89 fonts, out of 8000000 for 9000
 1141 hyphenation exceptions out of 8191
 75i,14n,80p,1489b,1060s stack positions out of 10000i,1000n,20000p,200000b,200000s
</usr/share/texlive/texmf-dist/fonts/type1/public/amsfonts/cm/cmbx10.pfb></us
r/share/texlive/texmf-dist/fonts/type1/public/amsfonts/cm/cmbx12.pfb></usr/shar
e/texlive/texmf-dist/fonts/type1/public/amsfonts/cm/cmex10.pfb></usr/share/texl
ive/texmf-dist/fonts/type1/public/amsfonts/cm/cmmi10.pfb></usr/share/texlive/te
xmf-dist/fonts/type1/public/amsfonts/cm/cmmi8.pfb></usr/share/texlive/texmf-dis
t/fonts/type1/public/amsfonts/cm/cmmi9.pfb></usr/share/texlive/texmf-dist/fonts
/type1/public/amsfonts/cm/cmr10.pfb></usr/share/texlive/texmf-dist/fonts/type1/
public/amsfonts/cm/cmr12.pfb></usr/share/texlive/texmf-dist/fonts/type1/public/
amsfonts/cm/cmr17.pfb></usr/share/texlive/texmf-dist/fonts/type1/public/amsfont
s/cm/cmr6.pfb></usr/share/texlive/texmf-dist/fonts/type1/public/amsfonts/cm/cmr
7.pfb></usr/share/texlive/texmf-dist/fonts/type1/public/amsfonts/cm/cmr8.pfb></
usr/share/texlive/texmf-dist/fonts/type1/public/amsfonts/cm/cmr9.pfb></usr/shar
e/texlive/texmf-dist/fonts/type1/public/amsfonts/cm/cmsy10.pfb></usr/share/texl
ive/texmf-dist/fonts/type1/public/amsfonts/cm/cmsy6.pfb></usr/share/texlive/tex
mf-dist/fonts/type1/public/amsfonts/cm/cmsy7.pfb></usr/share/texlive/texmf-dist
/fonts/type1/public/amsfonts/cm/cmsy8.pfb></usr/share/texlive/texmf-dist/fonts/
type1/public/amsfonts/cm/cmsy9.pfb></usr/share/texlive/texmf-dist/fonts/type1/p
ublic/amsfonts/cm/cmti10.pfb></usr/share/texlive/texmf-dist/fonts/type1/public/
amsfonts/cm/cmtt10.pfb></usr/share/texlive/texmf-dist/fonts/type1/public/amsfon
ts/cm/cmtt12.pfb></usr/share/texlive/texmf-dist/fonts/type1/public/amsfonts/sym
bols/msbm10.pfb></usr/share/texmf/fonts/type1/public/cm-super/sfrm1095.pfb>
Output written on main.pdf (53 pages, 1254461 bytes).
PDF statistics:
 1096 PDF objects out of 1200 (max. 8388607)
 950 compressed objects within 10 object streams
 332 named destinations out of 1000 (max. 500000)
 334 words of extra memory for PDF output out of 10000 (max. 10000000)

